Sample stress test

1. foo `bar`
1. baz

[[Image(https://i.imgur.com/HbMC7zw.png)]]