This is an example code:
{{{#!javascript
var foo = 'bar';
}}}