This is an ordered list:

1. Foo
1. Bar
1. Baz

This is an unordered list:

* aa
* bb
* cc

This is list with nested content:

* aa
  Nested paragraph
* bb
  == Nested Header
* cc
